------------------------------------------------------------
Timing Analyzer Summary
------------------------------------------------------------

Type  : Slow 1100mV 85C Model Setup 'REFRESH_PLL_CLK|refresh_pll_inst|altera_pll_i|general[0].gpll~PLL_OUTPUT_COUNTER|divclk'
Slack : 7.082
TNS   : 0.000

Type  : Slow 1100mV 85C Model Hold 'REFRESH_PLL_CLK|refresh_pll_inst|altera_pll_i|general[0].gpll~PLL_OUTPUT_COUNTER|divclk'
Slack : 0.373
TNS   : 0.000

Type  : Slow 1100mV 85C Model Recovery 'REFRESH_PLL_CLK|refresh_pll_inst|altera_pll_i|general[0].gpll~PLL_OUTPUT_COUNTER|divclk'
Slack : 11.010
TNS   : 0.000

Type  : Slow 1100mV 85C Model Removal 'REFRESH_PLL_CLK|refresh_pll_inst|altera_pll_i|general[0].gpll~PLL_OUTPUT_COUNTER|divclk'
Slack : 1.087
TNS   : 0.000

Type  : Slow 1100mV 85C Model Minimum Pulse Width 'REFRESH_PLL_CLK|refresh_pll_inst|altera_pll_i|general[0].gpll~FRACTIONAL_PLL|vcoph[0]'
Slack : 0.612
TNS   : 0.000

Type  : Slow 1100mV 85C Model Minimum Pulse Width 'REFRESH_PLL_CLK|refresh_pll_inst|altera_pll_i|general[0].gpll~PLL_OUTPUT_COUNTER|divclk'
Slack : 6.035
TNS   : 0.000

Type  : Slow 1100mV 85C Model Minimum Pulse Width 'CLOCK_50'
Slack : 9.670
TNS   : 0.000

Type  : Slow 1100mV 0C Model Setup 'REFRESH_PLL_CLK|refresh_pll_inst|altera_pll_i|general[0].gpll~PLL_OUTPUT_COUNTER|divclk'
Slack : 7.075
TNS   : 0.000

Type  : Slow 1100mV 0C Model Hold 'REFRESH_PLL_CLK|refresh_pll_inst|altera_pll_i|general[0].gpll~PLL_OUTPUT_COUNTER|divclk'
Slack : 0.372
TNS   : 0.000

Type  : Slow 1100mV 0C Model Recovery 'REFRESH_PLL_CLK|refresh_pll_inst|altera_pll_i|general[0].gpll~PLL_OUTPUT_COUNTER|divclk'
Slack : 11.105
TNS   : 0.000

Type  : Slow 1100mV 0C Model Removal 'REFRESH_PLL_CLK|refresh_pll_inst|altera_pll_i|general[0].gpll~PLL_OUTPUT_COUNTER|divclk'
Slack : 1.033
TNS   : 0.000

Type  : Slow 1100mV 0C Model Minimum Pulse Width 'REFRESH_PLL_CLK|refresh_pll_inst|altera_pll_i|general[0].gpll~FRACTIONAL_PLL|vcoph[0]'
Slack : 0.612
TNS   : 0.000

Type  : Slow 1100mV 0C Model Minimum Pulse Width 'REFRESH_PLL_CLK|refresh_pll_inst|altera_pll_i|general[0].gpll~PLL_OUTPUT_COUNTER|divclk'
Slack : 5.985
TNS   : 0.000

Type  : Slow 1100mV 0C Model Minimum Pulse Width 'CLOCK_50'
Slack : 9.673
TNS   : 0.000

Type  : Fast 1100mV 85C Model Setup 'REFRESH_PLL_CLK|refresh_pll_inst|altera_pll_i|general[0].gpll~PLL_OUTPUT_COUNTER|divclk'
Slack : 9.744
TNS   : 0.000

Type  : Fast 1100mV 85C Model Hold 'REFRESH_PLL_CLK|refresh_pll_inst|altera_pll_i|general[0].gpll~PLL_OUTPUT_COUNTER|divclk'
Slack : 0.184
TNS   : 0.000

Type  : Fast 1100mV 85C Model Recovery 'REFRESH_PLL_CLK|refresh_pll_inst|altera_pll_i|general[0].gpll~PLL_OUTPUT_COUNTER|divclk'
Slack : 11.853
TNS   : 0.000

Type  : Fast 1100mV 85C Model Removal 'REFRESH_PLL_CLK|refresh_pll_inst|altera_pll_i|general[0].gpll~PLL_OUTPUT_COUNTER|divclk'
Slack : 0.604
TNS   : 0.000

Type  : Fast 1100mV 85C Model Minimum Pulse Width 'REFRESH_PLL_CLK|refresh_pll_inst|altera_pll_i|general[0].gpll~FRACTIONAL_PLL|vcoph[0]'
Slack : 0.612
TNS   : 0.000

Type  : Fast 1100mV 85C Model Minimum Pulse Width 'REFRESH_PLL_CLK|refresh_pll_inst|altera_pll_i|general[0].gpll~PLL_OUTPUT_COUNTER|divclk'
Slack : 6.283
TNS   : 0.000

Type  : Fast 1100mV 85C Model Minimum Pulse Width 'CLOCK_50'
Slack : 9.336
TNS   : 0.000

Type  : Fast 1100mV 0C Model Setup 'REFRESH_PLL_CLK|refresh_pll_inst|altera_pll_i|general[0].gpll~PLL_OUTPUT_COUNTER|divclk'
Slack : 10.035
TNS   : 0.000

Type  : Fast 1100mV 0C Model Hold 'REFRESH_PLL_CLK|refresh_pll_inst|altera_pll_i|general[0].gpll~PLL_OUTPUT_COUNTER|divclk'
Slack : 0.175
TNS   : 0.000

Type  : Fast 1100mV 0C Model Recovery 'REFRESH_PLL_CLK|refresh_pll_inst|altera_pll_i|general[0].gpll~PLL_OUTPUT_COUNTER|divclk'
Slack : 12.026
TNS   : 0.000

Type  : Fast 1100mV 0C Model Removal 'REFRESH_PLL_CLK|refresh_pll_inst|altera_pll_i|general[0].gpll~PLL_OUTPUT_COUNTER|divclk'
Slack : 0.552
TNS   : 0.000

Type  : Fast 1100mV 0C Model Minimum Pulse Width 'REFRESH_PLL_CLK|refresh_pll_inst|altera_pll_i|general[0].gpll~FRACTIONAL_PLL|vcoph[0]'
Slack : 0.612
TNS   : 0.000

Type  : Fast 1100mV 0C Model Minimum Pulse Width 'REFRESH_PLL_CLK|refresh_pll_inst|altera_pll_i|general[0].gpll~PLL_OUTPUT_COUNTER|divclk'
Slack : 6.273
TNS   : 0.000

Type  : Fast 1100mV 0C Model Minimum Pulse Width 'CLOCK_50'
Slack : 9.286
TNS   : 0.000

------------------------------------------------------------
