------------------------------------------------------------
Timing Analyzer Summary
------------------------------------------------------------

Type  : Slow 1100mV 85C Model Setup 'REFRESH_PLL_CLK_720p|refresh_pll_720p_inst|altera_pll_i|general[0].gpll~PLL_OUTPUT_COUNTER|divclk'
Slack : 2.689
TNS   : 0.000

Type  : Slow 1100mV 85C Model Setup 'altera_reserved_tck'
Slack : 10.807
TNS   : 0.000

Type  : Slow 1100mV 85C Model Hold 'altera_reserved_tck'
Slack : 0.360
TNS   : 0.000

Type  : Slow 1100mV 85C Model Hold 'REFRESH_PLL_CLK_720p|refresh_pll_720p_inst|altera_pll_i|general[0].gpll~PLL_OUTPUT_COUNTER|divclk'
Slack : 0.375
TNS   : 0.000

Type  : Slow 1100mV 85C Model Recovery 'REFRESH_PLL_CLK_720p|refresh_pll_720p_inst|altera_pll_i|general[0].gpll~PLL_OUTPUT_COUNTER|divclk'
Slack : 11.520
TNS   : 0.000

Type  : Slow 1100mV 85C Model Recovery 'altera_reserved_tck'
Slack : 36.952
TNS   : 0.000

Type  : Slow 1100mV 85C Model Removal 'altera_reserved_tck'
Slack : 0.532
TNS   : 0.000

Type  : Slow 1100mV 85C Model Removal 'REFRESH_PLL_CLK_720p|refresh_pll_720p_inst|altera_pll_i|general[0].gpll~PLL_OUTPUT_COUNTER|divclk'
Slack : 0.813
TNS   : 0.000

Type  : Slow 1100mV 85C Model Minimum Pulse Width 'REFRESH_PLL_CLK_720p|refresh_pll_720p_inst|altera_pll_i|general[0].gpll~FRACTIONAL_PLL|vcoph[0]'
Slack : 0.612
TNS   : 0.000

Type  : Slow 1100mV 85C Model Minimum Pulse Width 'REFRESH_PLL_CLK_720p|refresh_pll_720p_inst|altera_pll_i|general[0].gpll~PLL_OUTPUT_COUNTER|divclk'
Slack : 5.508
TNS   : 0.000

Type  : Slow 1100mV 85C Model Minimum Pulse Width 'CLOCK_50'
Slack : 9.670
TNS   : 0.000

Type  : Slow 1100mV 85C Model Minimum Pulse Width 'altera_reserved_tck'
Slack : 18.816
TNS   : 0.000

Type  : Slow 1100mV 0C Model Setup 'REFRESH_PLL_CLK_720p|refresh_pll_720p_inst|altera_pll_i|general[0].gpll~PLL_OUTPUT_COUNTER|divclk'
Slack : 2.145
TNS   : 0.000

Type  : Slow 1100mV 0C Model Setup 'altera_reserved_tck'
Slack : 10.882
TNS   : 0.000

Type  : Slow 1100mV 0C Model Hold 'altera_reserved_tck'
Slack : 0.304
TNS   : 0.000

Type  : Slow 1100mV 0C Model Hold 'REFRESH_PLL_CLK_720p|refresh_pll_720p_inst|altera_pll_i|general[0].gpll~PLL_OUTPUT_COUNTER|divclk'
Slack : 0.380
TNS   : 0.000

Type  : Slow 1100mV 0C Model Recovery 'REFRESH_PLL_CLK_720p|refresh_pll_720p_inst|altera_pll_i|general[0].gpll~PLL_OUTPUT_COUNTER|divclk'
Slack : 11.604
TNS   : 0.000

Type  : Slow 1100mV 0C Model Recovery 'altera_reserved_tck'
Slack : 37.036
TNS   : 0.000

Type  : Slow 1100mV 0C Model Removal 'altera_reserved_tck'
Slack : 0.511
TNS   : 0.000

Type  : Slow 1100mV 0C Model Removal 'REFRESH_PLL_CLK_720p|refresh_pll_720p_inst|altera_pll_i|general[0].gpll~PLL_OUTPUT_COUNTER|divclk'
Slack : 0.755
TNS   : 0.000

Type  : Slow 1100mV 0C Model Minimum Pulse Width 'REFRESH_PLL_CLK_720p|refresh_pll_720p_inst|altera_pll_i|general[0].gpll~FRACTIONAL_PLL|vcoph[0]'
Slack : 0.612
TNS   : 0.000

Type  : Slow 1100mV 0C Model Minimum Pulse Width 'REFRESH_PLL_CLK_720p|refresh_pll_720p_inst|altera_pll_i|general[0].gpll~PLL_OUTPUT_COUNTER|divclk'
Slack : 5.488
TNS   : 0.000

Type  : Slow 1100mV 0C Model Minimum Pulse Width 'CLOCK_50'
Slack : 9.673
TNS   : 0.000

Type  : Slow 1100mV 0C Model Minimum Pulse Width 'altera_reserved_tck'
Slack : 18.815
TNS   : 0.000

Type  : Fast 1100mV 85C Model Setup 'REFRESH_PLL_CLK_720p|refresh_pll_720p_inst|altera_pll_i|general[0].gpll~PLL_OUTPUT_COUNTER|divclk'
Slack : 8.019
TNS   : 0.000

Type  : Fast 1100mV 85C Model Setup 'altera_reserved_tck'
Slack : 12.888
TNS   : 0.000

Type  : Fast 1100mV 85C Model Hold 'altera_reserved_tck'
Slack : 0.123
TNS   : 0.000

Type  : Fast 1100mV 85C Model Hold 'REFRESH_PLL_CLK_720p|refresh_pll_720p_inst|altera_pll_i|general[0].gpll~PLL_OUTPUT_COUNTER|divclk'
Slack : 0.181
TNS   : 0.000

Type  : Fast 1100mV 85C Model Recovery 'REFRESH_PLL_CLK_720p|refresh_pll_720p_inst|altera_pll_i|general[0].gpll~PLL_OUTPUT_COUNTER|divclk'
Slack : 12.225
TNS   : 0.000

Type  : Fast 1100mV 85C Model Recovery 'altera_reserved_tck'
Slack : 38.010
TNS   : 0.000

Type  : Fast 1100mV 85C Model Removal 'altera_reserved_tck'
Slack : 0.214
TNS   : 0.000

Type  : Fast 1100mV 85C Model Removal 'REFRESH_PLL_CLK_720p|refresh_pll_720p_inst|altera_pll_i|general[0].gpll~PLL_OUTPUT_COUNTER|divclk'
Slack : 0.444
TNS   : 0.000

Type  : Fast 1100mV 85C Model Minimum Pulse Width 'REFRESH_PLL_CLK_720p|refresh_pll_720p_inst|altera_pll_i|general[0].gpll~FRACTIONAL_PLL|vcoph[0]'
Slack : 0.612
TNS   : 0.000

Type  : Fast 1100mV 85C Model Minimum Pulse Width 'REFRESH_PLL_CLK_720p|refresh_pll_720p_inst|altera_pll_i|general[0].gpll~PLL_OUTPUT_COUNTER|divclk'
Slack : 5.626
TNS   : 0.000

Type  : Fast 1100mV 85C Model Minimum Pulse Width 'CLOCK_50'
Slack : 9.336
TNS   : 0.000

Type  : Fast 1100mV 85C Model Minimum Pulse Width 'altera_reserved_tck'
Slack : 18.538
TNS   : 0.000

Type  : Fast 1100mV 0C Model Setup 'REFRESH_PLL_CLK_720p|refresh_pll_720p_inst|altera_pll_i|general[0].gpll~PLL_OUTPUT_COUNTER|divclk'
Slack : 8.213
TNS   : 0.000

Type  : Fast 1100mV 0C Model Setup 'altera_reserved_tck'
Slack : 13.011
TNS   : 0.000

Type  : Fast 1100mV 0C Model Hold 'altera_reserved_tck'
Slack : 0.113
TNS   : 0.000

Type  : Fast 1100mV 0C Model Hold 'REFRESH_PLL_CLK_720p|refresh_pll_720p_inst|altera_pll_i|general[0].gpll~PLL_OUTPUT_COUNTER|divclk'
Slack : 0.172
TNS   : 0.000

Type  : Fast 1100mV 0C Model Recovery 'REFRESH_PLL_CLK_720p|refresh_pll_720p_inst|altera_pll_i|general[0].gpll~PLL_OUTPUT_COUNTER|divclk'
Slack : 12.348
TNS   : 0.000

Type  : Fast 1100mV 0C Model Recovery 'altera_reserved_tck'
Slack : 38.174
TNS   : 0.000

Type  : Fast 1100mV 0C Model Removal 'altera_reserved_tck'
Slack : 0.189
TNS   : 0.000

Type  : Fast 1100mV 0C Model Removal 'REFRESH_PLL_CLK_720p|refresh_pll_720p_inst|altera_pll_i|general[0].gpll~PLL_OUTPUT_COUNTER|divclk'
Slack : 0.399
TNS   : 0.000

Type  : Fast 1100mV 0C Model Minimum Pulse Width 'REFRESH_PLL_CLK_720p|refresh_pll_720p_inst|altera_pll_i|general[0].gpll~FRACTIONAL_PLL|vcoph[0]'
Slack : 0.612
TNS   : 0.000

Type  : Fast 1100mV 0C Model Minimum Pulse Width 'REFRESH_PLL_CLK_720p|refresh_pll_720p_inst|altera_pll_i|general[0].gpll~PLL_OUTPUT_COUNTER|divclk'
Slack : 5.621
TNS   : 0.000

Type  : Fast 1100mV 0C Model Minimum Pulse Width 'CLOCK_50'
Slack : 9.286
TNS   : 0.000

Type  : Fast 1100mV 0C Model Minimum Pulse Width 'altera_reserved_tck'
Slack : 18.538
TNS   : 0.000

------------------------------------------------------------
